C:\Users\tahas\OneDrive\Desktop\toplu\StockSenseAI\backend\StockSenseAI.Api\Controllers\AuthController.cs(11,22): error CS0246: 'IAuthService' t├╝r├╝ veya ad alan─▒ ad─▒ bulunamad─▒ (bir using y├Ânergeniz veya derleme ba┼şvurunuz mu eksik?) [C:\Users\tahas\OneDrive\Desktop\toplu\StockSenseAI\backend\StockSenseAI.Api\StockSenseAI.Api.csproj]
C:\Users\tahas\OneDrive\Desktop\toplu\StockSenseAI\backend\StockSenseAI.Api\Controllers\AuthController.cs(13,27): error CS0246: 'IAuthService' t├╝r├╝ veya ad alan─▒ ad─▒ bulunamad─▒ (bir using y├Ânergeniz veya derleme ba┼şvurunuz mu eksik?) [C:\Users\tahas\OneDrive\Desktop\toplu\StockSenseAI\backend\StockSenseAI.Api\StockSenseAI.Api.csproj]

Olu┼şturma BA┼ŞARISIZ OLDU.
    0 Uyar─▒
    2 Hata

Ge├ğen S├╝re 00:00:01.17

─░┼ş y├╝k├╝ g├╝ncelle┼ştirmeleri var. Daha fazla bilgi i├ğin `dotnet workload list` ├ğal─▒┼şt─▒r─▒n.
